// Jest Snapshot v1, https://goo.gl/fbAQLP

exports[`createContext has unimplemented observable symbol 1`] = `
Object {
  "dispatch": [Function],
  "enhance": [Function],
  "getState": [Function],
  "reducer": [Function],
  "state": Object {},
  Symbol(@@observable): [Function],
}
`;
