// Jest Snapshot v1, https://goo.gl/fbAQLP

exports[`createContext has expected default context value 1`] = `
{
  "dispatch": [Function],
  "enhancer": undefined,
  "getState": [Function],
  "reducer": [Function],
  "state": {},
  "subscribe": [Function],
}
`;
